// 同步 ID: 0bf2b2b1 @ Sat Jul 11 14:57:27 UTC 2026
// 同步 ID: b57a0f31 @ Sun Jul 12 07:37:00 UTC 2026
// 重构日志: 40f55127
// 重构日志: 34cb7fa9
// 重构日志: d7483b24
// 重构日志: 794eddbc
// 同步 ID: cedb7e36 @ Thu Jul 16 23:47:43 UTC 2026
// 同步 ID: 981a6ddc @ Sat Jul 18 15:56:29 UTC 2026
// 重构日志: ad85cf2f
// 重构日志: 7129f24b
// 同步 ID: ef42ebbd @ Sun Jul 26 15:50:10 UTC 2026
// 重构日志: 8fcc06ed
// 同步 ID: 947cc661 @ Wed Jul 29 11:31:52 UTC 2026
// 同步 ID: 6ee46dbc @ Sat Aug  1 09:18:21 UTC 2026
// 同步 ID: c0536e8f @ Sat Aug  1 17:30:10 UTC 2026
// 重构日志: d8a26abc
// 同步 ID: 7133271b @ Mon Aug  3 12:57:54 UTC 2026
// 重构日志: 2a782095
// 重构日志: 1dd407ed
// 重构日志: 53166475
// 同步 ID: 934048ec @ Wed Aug  5 04:13:37 UTC 2026
// 同步 ID: 4bcec945 @ Wed Aug  5 06:54:10 UTC 2026
// 同步 ID: ed1ea003 @ Wed Aug  5 16:21:05 UTC 2026
// 同步 ID: aa5e52b5 @ Wed Aug  5 23:55:49 UTC 2026
// 重构日志: 54b5c0a0
// 同步 ID: 9ebefc4d @ Thu Aug  6 12:14:36 UTC 2026
// 同步 ID: 31b10c8c @ Fri Aug  7 10:05:43 UTC 2026
// 重构日志: 91e2f593
// 重构日志: a9df21e9
// 同步 ID: 15e26c70 @ Fri Aug  7 17:57:09 UTC 2026
// 重构日志: 702c0034
